Nothing to build in platform 'exde_hdmi_ps'

17:46:23 **** Incremental Build of configuration Debug for project TxOnly_A53_1 ****
make all 
'Building file: ../src/xhdmi_example.c'
'Invoking: ARM v8 gcc compiler'
aarch64-none-elf-gcc -Wall -O0 -g3 -c -fmessage-length=0 -MT"src/xhdmi_example.o" -IE:/xilinx_axi/github/v_hdmi_txss_2v0/v_hdmi_txss_vitis/prj/exde_hdmi_ps/export/exde_hdmi_ps/sw/exde_hdmi_ps/standalone_domain/bspinclude/include -MMD -MP -MF"src/xhdmi_example.d" -MT"src/xhdmi_example.o" -o "src/xhdmi_example.o" "../src/xhdmi_example.c"
'Finished building: ../src/xhdmi_example.c'
' '
'Building target: TxOnly_A53_1.elf'
'Invoking: ARM v8 gcc linker'
aarch64-none-elf-gcc -Wl,-T -Wl,../src/lscript.ld -LE:/xilinx_axi/github/v_hdmi_txss_2v0/v_hdmi_txss_vitis/prj/exde_hdmi_ps/export/exde_hdmi_ps/sw/exde_hdmi_ps/standalone_domain/bsplib/lib -o "TxOnly_A53_1.elf"  ./src/aes256.o ./src/audiogen_drv.o ./src/dp159.o ./src/idt_8t49n24x.o ./src/platform.o ./src/sha256.o ./src/si5324drv.o ./src/xhdcp.o ./src/xhdmi_edid.o ./src/xhdmi_example.o ./src/xhdmi_hdcp_keys.o ./src/xhdmi_menu.o ./src/xvidframe_crc.o   -Wl,--start-group,-lxil,-lgcc,-lc,--end-group
'Finished building target: TxOnly_A53_1.elf'
' '
'Invoking: ARM v8 Print Size'
aarch64-none-elf-size TxOnly_A53_1.elf  |tee "TxOnly_A53_1.elf.size"
   text	   data	    bss	    dec	    hex	filename
 233684	   5920	  18472	 258076	  3f01c	TxOnly_A53_1.elf
'Finished building: TxOnly_A53_1.elf.size'
' '
