Copyright 1986-2022 Xilinx, Inc. All Rights Reserved.
-----------------------------------------------------------------------------------------------------------------------------------------------------------------------------
| Tool Version : Vivado v.2022.2 (win64) Build 3671981 Fri Oct 14 05:00:03 MDT 2022
| Date         : Wed Apr 10 10:56:43 2024
| Host         : weslie running 64-bit major release  (build 9200)
| Command      : report_methodology -file exdes_wrapper_methodology_drc_routed.rpt -pb exdes_wrapper_methodology_drc_routed.pb -rpx exdes_wrapper_methodology_drc_routed.rpx
| Design       : exdes_wrapper
| Device       : xczu7ev-ffvc1156-2-e
| Speed File   : -2
| Design State : Fully Routed
-----------------------------------------------------------------------------------------------------------------------------------------------------------------------------

Report Methodology

Table of Contents
-----------------
1. REPORT SUMMARY
2. REPORT DETAILS

1. REPORT SUMMARY
-----------------
            Netlist: netlist
          Floorplan: design_1
      Design limits: <entire design considered>
             Max violations: <unlimited>
             Violations found: 25
+-----------+----------+--------------------------------------------+------------+
| Rule      | Severity | Description                                | Violations |
+-----------+----------+--------------------------------------------+------------+
| LUTAR-1   | Warning  | LUT drives async reset alert               | 8          |
| TIMING-9  | Warning  | Unknown CDC Logic                          | 1          |
| TIMING-10 | Warning  | Missing property on synchronizer           | 1          |
| TIMING-18 | Warning  | Missing input or output delay              | 10         |
| CLKC-11   | Advisory | MMCME4 divide could be done by BUFG_GT     | 1          |
| CLKC-40   | Advisory | Substitute PLLE4 for MMCME4 check          | 2          |
| CLKC-56   | Advisory | MMCME4 with global clock driver has no LOC | 2          |
+-----------+----------+--------------------------------------------+------------+

2. REPORT DETAILS
-----------------
LUTAR-1#1 Warning
LUT drives async reset alert  
LUT cell dbg_hub/inst/BSCANID.u_xsdbm_id/SWITCH_N_EXT_BSCAN.bscan_switch/m_bscan_sel[0]_INST_0, with 2 or more inputs, drives asynchronous preset/clear pin(s) dbg_hub/inst/BSCANID.u_xsdbm_id/CORE_XSDB.U_ICON/U_CMD/iTARGET_reg[10]/CLR,
dbg_hub/inst/BSCANID.u_xsdbm_id/CORE_XSDB.U_ICON/U_CMD/iTARGET_reg[11]/CLR,
dbg_hub/inst/BSCANID.u_xsdbm_id/CORE_XSDB.U_ICON/U_CMD/iTARGET_reg[12]/CLR,
dbg_hub/inst/BSCANID.u_xsdbm_id/CORE_XSDB.U_ICON/U_CMD/iTARGET_reg[13]/CLR,
dbg_hub/inst/BSCANID.u_xsdbm_id/CORE_XSDB.U_ICON/U_CMD/iTARGET_reg[14]/CLR,
dbg_hub/inst/BSCANID.u_xsdbm_id/CORE_XSDB.U_ICON/U_CMD/iTARGET_reg[15]/CLR,
dbg_hub/inst/BSCANID.u_xsdbm_id/CORE_XSDB.U_ICON/U_CMD/iTARGET_reg[6]/CLR,
dbg_hub/inst/BSCANID.u_xsdbm_id/CORE_XSDB.U_ICON/U_CMD/iTARGET_reg[7]/CLR,
dbg_hub/inst/BSCANID.u_xsdbm_id/CORE_XSDB.U_ICON/U_CMD/iTARGET_reg[8]/CLR
dbg_hub/inst/BSCANID.u_xsdbm_id/CORE_XSDB.U_ICON/U_CMD/iTARGET_reg[9]/CLR. The LUT may glitch and trigger an unexpected reset, even if it is a properly timed path.
Related violations: <none>

LUTAR-1#2 Warning
LUT drives async reset alert  
LUT cell exdes_i/audio_ss_0/hdmi_acr_ctrl/inst/HDMI_14_20.hdmi_acr_ctrl_v1_0_0_14_20/hdmi_acr_ctrl_top_inst/aud_rPulse_i_2, with 2 or more inputs, drives asynchronous preset/clear pin(s) exdes_i/audio_ss_0/hdmi_acr_ctrl/inst/HDMI_14_20.hdmi_acr_ctrl_v1_0_0_14_20/hdmi_acr_ctrl_top_inst/aud_rCycleCnt_reg[26]/CLR,
exdes_i/audio_ss_0/hdmi_acr_ctrl/inst/HDMI_14_20.hdmi_acr_ctrl_v1_0_0_14_20/hdmi_acr_ctrl_top_inst/aud_rCycleCnt_reg[27]/CLR,
exdes_i/audio_ss_0/hdmi_acr_ctrl/inst/HDMI_14_20.hdmi_acr_ctrl_v1_0_0_14_20/hdmi_acr_ctrl_top_inst/aud_rCycleCnt_reg[28]/CLR,
exdes_i/audio_ss_0/hdmi_acr_ctrl/inst/HDMI_14_20.hdmi_acr_ctrl_v1_0_0_14_20/hdmi_acr_ctrl_top_inst/aud_rCycleCnt_reg[29]/CLR,
exdes_i/audio_ss_0/hdmi_acr_ctrl/inst/HDMI_14_20.hdmi_acr_ctrl_v1_0_0_14_20/hdmi_acr_ctrl_top_inst/aud_rCycleCnt_reg[2]/CLR,
exdes_i/audio_ss_0/hdmi_acr_ctrl/inst/HDMI_14_20.hdmi_acr_ctrl_v1_0_0_14_20/hdmi_acr_ctrl_top_inst/aud_rCycleCnt_reg[30]/CLR,
exdes_i/audio_ss_0/hdmi_acr_ctrl/inst/HDMI_14_20.hdmi_acr_ctrl_v1_0_0_14_20/hdmi_acr_ctrl_top_inst/aud_rCycleCnt_reg[31]/CLR,
exdes_i/audio_ss_0/hdmi_acr_ctrl/inst/HDMI_14_20.hdmi_acr_ctrl_v1_0_0_14_20/hdmi_acr_ctrl_top_inst/aud_rCycleCnt_reg[3]/CLR,
exdes_i/audio_ss_0/hdmi_acr_ctrl/inst/HDMI_14_20.hdmi_acr_ctrl_v1_0_0_14_20/hdmi_acr_ctrl_top_inst/aud_rCycleCnt_reg[4]/CLR,
exdes_i/audio_ss_0/hdmi_acr_ctrl/inst/HDMI_14_20.hdmi_acr_ctrl_v1_0_0_14_20/hdmi_acr_ctrl_top_inst/aud_rCycleCnt_reg[5]/CLR,
exdes_i/audio_ss_0/hdmi_acr_ctrl/inst/HDMI_14_20.hdmi_acr_ctrl_v1_0_0_14_20/hdmi_acr_ctrl_top_inst/aud_rCycleCnt_reg[6]/CLR,
exdes_i/audio_ss_0/hdmi_acr_ctrl/inst/HDMI_14_20.hdmi_acr_ctrl_v1_0_0_14_20/hdmi_acr_ctrl_top_inst/aud_rCycleCnt_reg[7]/CLR,
exdes_i/audio_ss_0/hdmi_acr_ctrl/inst/HDMI_14_20.hdmi_acr_ctrl_v1_0_0_14_20/hdmi_acr_ctrl_top_inst/aud_rCycleCnt_reg[8]/CLR,
exdes_i/audio_ss_0/hdmi_acr_ctrl/inst/HDMI_14_20.hdmi_acr_ctrl_v1_0_0_14_20/hdmi_acr_ctrl_top_inst/aud_rCycleCnt_reg[9]/CLR,
exdes_i/audio_ss_0/hdmi_acr_ctrl/inst/HDMI_14_20.hdmi_acr_ctrl_v1_0_0_14_20/hdmi_acr_ctrl_top_inst/aud_rPulse_reg/CLR
 (the first 15 of 37 listed). The LUT may glitch and trigger an unexpected reset, even if it is a properly timed path.
Related violations: <none>

LUTAR-1#3 Warning
LUT drives async reset alert  
LUT cell exdes_i/audio_ss_0/hdmi_acr_ctrl/inst/HDMI_14_20.hdmi_acr_ctrl_v1_0_0_14_20/hdmi_acr_ctrl_top_inst/aud_resetn_out_INST_0, with 2 or more inputs, drives asynchronous preset/clear pin(s) exdes_i/audio_ss_0/aud_pat_gen/inst/aud_pat_gen_v1_0_0_top_inst/aud_pat_gen_v1_0_0_dport_inst/AUD_CONFIG_UPDATE_SYNC_INST/req_synced_d1_reg/CLR
exdes_i/audio_ss_0/aud_pat_gen/inst/aud_pat_gen_v1_0_0_top_inst/aud_pat_gen_v1_0_0_dport_inst/PULSE_SYNC_INST/req_synced_d1_reg/CLR. The LUT may glitch and trigger an unexpected reset, even if it is a properly timed path.
Related violations: <none>

LUTAR-1#4 Warning
LUT drives async reset alert  
LUT cell exdes_i/vid_phy_controller/inst/gt_common_inst/common_inst/gt_wrapper_inst_i_1, with 2 or more inputs, drives asynchronous preset/clear pin(s) exdes_i/vid_phy_controller/inst/gt_wrapper_inst/inst/gen_gtwizard_gthe4_top.exdes_vid_phy_controller_0_gtwrapper_gtwizard_gthe4_inst/gen_gtwizard_gthe4.gen_reset_controller_internal.gen_single_instance.gtwiz_reset_inst/reset_synchronizer_txprogdivreset_inst/rst_in_meta_reg/PRE,
exdes_i/vid_phy_controller/inst/gt_wrapper_inst/inst/gen_gtwizard_gthe4_top.exdes_vid_phy_controller_0_gtwrapper_gtwizard_gthe4_inst/gen_gtwizard_gthe4.gen_reset_controller_internal.gen_single_instance.gtwiz_reset_inst/reset_synchronizer_txprogdivreset_inst/rst_in_out_reg/PRE,
exdes_i/vid_phy_controller/inst/gt_wrapper_inst/inst/gen_gtwizard_gthe4_top.exdes_vid_phy_controller_0_gtwrapper_gtwizard_gthe4_inst/gen_gtwizard_gthe4.gen_reset_controller_internal.gen_single_instance.gtwiz_reset_inst/reset_synchronizer_txprogdivreset_inst/rst_in_sync1_reg/PRE,
exdes_i/vid_phy_controller/inst/gt_wrapper_inst/inst/gen_gtwizard_gthe4_top.exdes_vid_phy_controller_0_gtwrapper_gtwizard_gthe4_inst/gen_gtwizard_gthe4.gen_reset_controller_internal.gen_single_instance.gtwiz_reset_inst/reset_synchronizer_txprogdivreset_inst/rst_in_sync2_reg/PRE
exdes_i/vid_phy_controller/inst/gt_wrapper_inst/inst/gen_gtwizard_gthe4_top.exdes_vid_phy_controller_0_gtwrapper_gtwizard_gthe4_inst/gen_gtwizard_gthe4.gen_reset_controller_internal.gen_single_instance.gtwiz_reset_inst/reset_synchronizer_txprogdivreset_inst/rst_in_sync3_reg/PRE. The LUT may glitch and trigger an unexpected reset, even if it is a properly timed path.
Related violations: <none>

LUTAR-1#5 Warning
LUT drives async reset alert  
LUT cell exdes_i/vid_phy_controller/inst/gt_wrapper_inst/inst/gen_gtwizard_gthe4_top.exdes_vid_phy_controller_0_gtwrapper_gtwizard_gthe4_inst/gen_gtwizard_gthe4.gen_reset_controller_internal.gen_single_instance.gtwiz_reset_inst/reset_synchronizer_gtwiz_reset_rx_any_inst/rst_in_meta_i_1, with 2 or more inputs, drives asynchronous preset/clear pin(s) exdes_i/vid_phy_controller/inst/gt_wrapper_inst/inst/gen_gtwizard_gthe4_top.exdes_vid_phy_controller_0_gtwrapper_gtwizard_gthe4_inst/gen_gtwizard_gthe4.gen_reset_controller_internal.gen_single_instance.gtwiz_reset_inst/reset_synchronizer_gtwiz_reset_rx_any_inst/rst_in_meta_reg/PRE,
exdes_i/vid_phy_controller/inst/gt_wrapper_inst/inst/gen_gtwizard_gthe4_top.exdes_vid_phy_controller_0_gtwrapper_gtwizard_gthe4_inst/gen_gtwizard_gthe4.gen_reset_controller_internal.gen_single_instance.gtwiz_reset_inst/reset_synchronizer_gtwiz_reset_rx_any_inst/rst_in_out_reg/PRE,
exdes_i/vid_phy_controller/inst/gt_wrapper_inst/inst/gen_gtwizard_gthe4_top.exdes_vid_phy_controller_0_gtwrapper_gtwizard_gthe4_inst/gen_gtwizard_gthe4.gen_reset_controller_internal.gen_single_instance.gtwiz_reset_inst/reset_synchronizer_gtwiz_reset_rx_any_inst/rst_in_sync1_reg/PRE,
exdes_i/vid_phy_controller/inst/gt_wrapper_inst/inst/gen_gtwizard_gthe4_top.exdes_vid_phy_controller_0_gtwrapper_gtwizard_gthe4_inst/gen_gtwizard_gthe4.gen_reset_controller_internal.gen_single_instance.gtwiz_reset_inst/reset_synchronizer_gtwiz_reset_rx_any_inst/rst_in_sync2_reg/PRE
exdes_i/vid_phy_controller/inst/gt_wrapper_inst/inst/gen_gtwizard_gthe4_top.exdes_vid_phy_controller_0_gtwrapper_gtwizard_gthe4_inst/gen_gtwizard_gthe4.gen_reset_controller_internal.gen_single_instance.gtwiz_reset_inst/reset_synchronizer_gtwiz_reset_rx_any_inst/rst_in_sync3_reg/PRE. The LUT may glitch and trigger an unexpected reset, even if it is a properly timed path.
Related violations: <none>

LUTAR-1#6 Warning
LUT drives async reset alert  
LUT cell exdes_i/vid_phy_controller/inst/gt_wrapper_inst/inst/gen_gtwizard_gthe4_top.exdes_vid_phy_controller_0_gtwrapper_gtwizard_gthe4_inst/gen_gtwizard_gthe4.gen_reset_controller_internal.gen_single_instance.gtwiz_reset_inst/reset_synchronizer_gtwiz_reset_tx_any_inst/rst_in_out_i_1, with 2 or more inputs, drives asynchronous preset/clear pin(s) exdes_i/vid_phy_controller/inst/gt_wrapper_inst/inst/gen_gtwizard_gthe4_top.exdes_vid_phy_controller_0_gtwrapper_gtwizard_gthe4_inst/gen_gtwizard_gthe4.gen_reset_controller_internal.gen_single_instance.gtwiz_reset_inst/reset_synchronizer_gtwiz_reset_tx_any_inst/rst_in_meta_reg/PRE,
exdes_i/vid_phy_controller/inst/gt_wrapper_inst/inst/gen_gtwizard_gthe4_top.exdes_vid_phy_controller_0_gtwrapper_gtwizard_gthe4_inst/gen_gtwizard_gthe4.gen_reset_controller_internal.gen_single_instance.gtwiz_reset_inst/reset_synchronizer_gtwiz_reset_tx_any_inst/rst_in_out_reg/PRE,
exdes_i/vid_phy_controller/inst/gt_wrapper_inst/inst/gen_gtwizard_gthe4_top.exdes_vid_phy_controller_0_gtwrapper_gtwizard_gthe4_inst/gen_gtwizard_gthe4.gen_reset_controller_internal.gen_single_instance.gtwiz_reset_inst/reset_synchronizer_gtwiz_reset_tx_any_inst/rst_in_sync1_reg/PRE,
exdes_i/vid_phy_controller/inst/gt_wrapper_inst/inst/gen_gtwizard_gthe4_top.exdes_vid_phy_controller_0_gtwrapper_gtwizard_gthe4_inst/gen_gtwizard_gthe4.gen_reset_controller_internal.gen_single_instance.gtwiz_reset_inst/reset_synchronizer_gtwiz_reset_tx_any_inst/rst_in_sync2_reg/PRE
exdes_i/vid_phy_controller/inst/gt_wrapper_inst/inst/gen_gtwizard_gthe4_top.exdes_vid_phy_controller_0_gtwrapper_gtwizard_gthe4_inst/gen_gtwizard_gthe4.gen_reset_controller_internal.gen_single_instance.gtwiz_reset_inst/reset_synchronizer_gtwiz_reset_tx_any_inst/rst_in_sync3_reg/PRE. The LUT may glitch and trigger an unexpected reset, even if it is a properly timed path.
Related violations: <none>

LUTAR-1#7 Warning
LUT drives async reset alert  
LUT cell exdes_i/vid_phy_controller/inst/gt_wrapper_inst/inst/gen_gtwizard_gthe4_top.exdes_vid_phy_controller_0_gtwrapper_gtwizard_gthe4_inst/gen_gtwizard_gthe4.gen_reset_controller_internal.gen_single_instance.gtwiz_reset_inst/rst_in_meta_i_1__2, with 2 or more inputs, drives asynchronous preset/clear pin(s) exdes_i/vid_phy_controller/inst/gt_wrapper_inst/inst/gen_gtwizard_gthe4_top.exdes_vid_phy_controller_0_gtwrapper_gtwizard_gthe4_inst/gen_gtwizard_gthe4.gen_cpll_cal_gthe4.gen_cpll_cal_inst[2].gen_inst_cpll_cal.gtwizard_ultrascale_v1_7_14_gthe4_cpll_cal_inst/reset_synchronizer_resetin_tx_inst/rst_in_sync3_reg/PRE,
exdes_i/vid_phy_controller/inst/gt_wrapper_inst/inst/gen_gtwizard_gthe4_top.exdes_vid_phy_controller_0_gtwrapper_gtwizard_gthe4_inst/gen_gtwizard_gthe4.gen_cpll_cal_gthe4.gen_cpll_cal_inst[2].gen_inst_cpll_cal.gtwizard_ultrascale_v1_7_14_gthe4_cpll_cal_inst/reset_synchronizer_resetin_tx_inst/rst_in_sync2_reg/PRE,
exdes_i/vid_phy_controller/inst/gt_wrapper_inst/inst/gen_gtwizard_gthe4_top.exdes_vid_phy_controller_0_gtwrapper_gtwizard_gthe4_inst/gen_gtwizard_gthe4.gen_cpll_cal_gthe4.gen_cpll_cal_inst[2].gen_inst_cpll_cal.gtwizard_ultrascale_v1_7_14_gthe4_cpll_cal_inst/reset_synchronizer_resetin_tx_inst/rst_in_sync1_reg/PRE,
exdes_i/vid_phy_controller/inst/gt_wrapper_inst/inst/gen_gtwizard_gthe4_top.exdes_vid_phy_controller_0_gtwrapper_gtwizard_gthe4_inst/gen_gtwizard_gthe4.gen_cpll_cal_gthe4.gen_cpll_cal_inst[2].gen_inst_cpll_cal.gtwizard_ultrascale_v1_7_14_gthe4_cpll_cal_inst/reset_synchronizer_resetin_tx_inst/rst_in_out_reg/PRE,
exdes_i/vid_phy_controller/inst/gt_wrapper_inst/inst/gen_gtwizard_gthe4_top.exdes_vid_phy_controller_0_gtwrapper_gtwizard_gthe4_inst/gen_gtwizard_gthe4.gen_cpll_cal_gthe4.gen_cpll_cal_inst[2].gen_inst_cpll_cal.gtwizard_ultrascale_v1_7_14_gthe4_cpll_cal_inst/reset_synchronizer_resetin_tx_inst/rst_in_meta_reg/PRE,
exdes_i/vid_phy_controller/inst/gt_wrapper_inst/inst/gen_gtwizard_gthe4_top.exdes_vid_phy_controller_0_gtwrapper_gtwizard_gthe4_inst/gen_gtwizard_gthe4.gen_cpll_cal_gthe4.gen_cpll_cal_inst[1].gen_inst_cpll_cal.gtwizard_ultrascale_v1_7_14_gthe4_cpll_cal_inst/reset_synchronizer_resetin_tx_inst/rst_in_sync3_reg/PRE,
exdes_i/vid_phy_controller/inst/gt_wrapper_inst/inst/gen_gtwizard_gthe4_top.exdes_vid_phy_controller_0_gtwrapper_gtwizard_gthe4_inst/gen_gtwizard_gthe4.gen_cpll_cal_gthe4.gen_cpll_cal_inst[1].gen_inst_cpll_cal.gtwizard_ultrascale_v1_7_14_gthe4_cpll_cal_inst/reset_synchronizer_resetin_tx_inst/rst_in_sync2_reg/PRE,
exdes_i/vid_phy_controller/inst/gt_wrapper_inst/inst/gen_gtwizard_gthe4_top.exdes_vid_phy_controller_0_gtwrapper_gtwizard_gthe4_inst/gen_gtwizard_gthe4.gen_cpll_cal_gthe4.gen_cpll_cal_inst[1].gen_inst_cpll_cal.gtwizard_ultrascale_v1_7_14_gthe4_cpll_cal_inst/reset_synchronizer_resetin_tx_inst/rst_in_sync1_reg/PRE,
exdes_i/vid_phy_controller/inst/gt_wrapper_inst/inst/gen_gtwizard_gthe4_top.exdes_vid_phy_controller_0_gtwrapper_gtwizard_gthe4_inst/gen_gtwizard_gthe4.gen_cpll_cal_gthe4.gen_cpll_cal_inst[1].gen_inst_cpll_cal.gtwizard_ultrascale_v1_7_14_gthe4_cpll_cal_inst/reset_synchronizer_resetin_tx_inst/rst_in_out_reg/PRE,
exdes_i/vid_phy_controller/inst/gt_wrapper_inst/inst/gen_gtwizard_gthe4_top.exdes_vid_phy_controller_0_gtwrapper_gtwizard_gthe4_inst/gen_gtwizard_gthe4.gen_cpll_cal_gthe4.gen_cpll_cal_inst[1].gen_inst_cpll_cal.gtwizard_ultrascale_v1_7_14_gthe4_cpll_cal_inst/reset_synchronizer_resetin_tx_inst/rst_in_meta_reg/PRE,
exdes_i/vid_phy_controller/inst/gt_wrapper_inst/inst/gen_gtwizard_gthe4_top.exdes_vid_phy_controller_0_gtwrapper_gtwizard_gthe4_inst/gen_gtwizard_gthe4.gen_cpll_cal_gthe4.gen_cpll_cal_inst[0].gen_inst_cpll_cal.gtwizard_ultrascale_v1_7_14_gthe4_cpll_cal_inst/reset_synchronizer_resetin_tx_inst/rst_in_sync3_reg/PRE,
exdes_i/vid_phy_controller/inst/gt_wrapper_inst/inst/gen_gtwizard_gthe4_top.exdes_vid_phy_controller_0_gtwrapper_gtwizard_gthe4_inst/gen_gtwizard_gthe4.gen_cpll_cal_gthe4.gen_cpll_cal_inst[0].gen_inst_cpll_cal.gtwizard_ultrascale_v1_7_14_gthe4_cpll_cal_inst/reset_synchronizer_resetin_tx_inst/rst_in_sync2_reg/PRE,
exdes_i/vid_phy_controller/inst/gt_wrapper_inst/inst/gen_gtwizard_gthe4_top.exdes_vid_phy_controller_0_gtwrapper_gtwizard_gthe4_inst/gen_gtwizard_gthe4.gen_cpll_cal_gthe4.gen_cpll_cal_inst[0].gen_inst_cpll_cal.gtwizard_ultrascale_v1_7_14_gthe4_cpll_cal_inst/reset_synchronizer_resetin_tx_inst/rst_in_sync1_reg/PRE
exdes_i/vid_phy_controller/inst/gt_wrapper_inst/inst/gen_gtwizard_gthe4_top.exdes_vid_phy_controller_0_gtwrapper_gtwizard_gthe4_inst/gen_gtwizard_gthe4.gen_cpll_cal_gthe4.gen_cpll_cal_inst[0].gen_inst_cpll_cal.gtwizard_ultrascale_v1_7_14_gthe4_cpll_cal_inst/reset_synchronizer_resetin_tx_inst/rst_in_out_reg/PRE. The LUT may glitch and trigger an unexpected reset, even if it is a properly timed path.
Related violations: <none>

LUTAR-1#8 Warning
LUT drives async reset alert  
LUT cell exdes_i/vid_phy_controller/inst/gt_wrapper_inst/inst/gen_gtwizard_gthe4_top.exdes_vid_phy_controller_0_gtwrapper_gtwizard_gthe4_inst/gen_gtwizard_gthe4.gen_reset_controller_internal.gen_single_instance.gtwiz_reset_inst/rst_in_meta_i_1__3, with 2 or more inputs, drives asynchronous preset/clear pin(s) exdes_i/vid_phy_controller/inst/gt_wrapper_inst/inst/gen_gtwizard_gthe4_top.exdes_vid_phy_controller_0_gtwrapper_gtwizard_gthe4_inst/gen_gtwizard_gthe4.gen_cpll_cal_gthe4.gen_cpll_cal_inst[2].gen_inst_cpll_cal.gtwizard_ultrascale_v1_7_14_gthe4_cpll_cal_inst/reset_synchronizer_resetin_rx_inst/rst_in_sync3_reg/PRE,
exdes_i/vid_phy_controller/inst/gt_wrapper_inst/inst/gen_gtwizard_gthe4_top.exdes_vid_phy_controller_0_gtwrapper_gtwizard_gthe4_inst/gen_gtwizard_gthe4.gen_cpll_cal_gthe4.gen_cpll_cal_inst[2].gen_inst_cpll_cal.gtwizard_ultrascale_v1_7_14_gthe4_cpll_cal_inst/reset_synchronizer_resetin_rx_inst/rst_in_sync2_reg/PRE,
exdes_i/vid_phy_controller/inst/gt_wrapper_inst/inst/gen_gtwizard_gthe4_top.exdes_vid_phy_controller_0_gtwrapper_gtwizard_gthe4_inst/gen_gtwizard_gthe4.gen_cpll_cal_gthe4.gen_cpll_cal_inst[2].gen_inst_cpll_cal.gtwizard_ultrascale_v1_7_14_gthe4_cpll_cal_inst/reset_synchronizer_resetin_rx_inst/rst_in_sync1_reg/PRE,
exdes_i/vid_phy_controller/inst/gt_wrapper_inst/inst/gen_gtwizard_gthe4_top.exdes_vid_phy_controller_0_gtwrapper_gtwizard_gthe4_inst/gen_gtwizard_gthe4.gen_cpll_cal_gthe4.gen_cpll_cal_inst[2].gen_inst_cpll_cal.gtwizard_ultrascale_v1_7_14_gthe4_cpll_cal_inst/reset_synchronizer_resetin_rx_inst/rst_in_out_reg/PRE,
exdes_i/vid_phy_controller/inst/gt_wrapper_inst/inst/gen_gtwizard_gthe4_top.exdes_vid_phy_controller_0_gtwrapper_gtwizard_gthe4_inst/gen_gtwizard_gthe4.gen_cpll_cal_gthe4.gen_cpll_cal_inst[2].gen_inst_cpll_cal.gtwizard_ultrascale_v1_7_14_gthe4_cpll_cal_inst/reset_synchronizer_resetin_rx_inst/rst_in_meta_reg/PRE,
exdes_i/vid_phy_controller/inst/gt_wrapper_inst/inst/gen_gtwizard_gthe4_top.exdes_vid_phy_controller_0_gtwrapper_gtwizard_gthe4_inst/gen_gtwizard_gthe4.gen_cpll_cal_gthe4.gen_cpll_cal_inst[1].gen_inst_cpll_cal.gtwizard_ultrascale_v1_7_14_gthe4_cpll_cal_inst/reset_synchronizer_resetin_rx_inst/rst_in_sync3_reg/PRE,
exdes_i/vid_phy_controller/inst/gt_wrapper_inst/inst/gen_gtwizard_gthe4_top.exdes_vid_phy_controller_0_gtwrapper_gtwizard_gthe4_inst/gen_gtwizard_gthe4.gen_cpll_cal_gthe4.gen_cpll_cal_inst[1].gen_inst_cpll_cal.gtwizard_ultrascale_v1_7_14_gthe4_cpll_cal_inst/reset_synchronizer_resetin_rx_inst/rst_in_sync2_reg/PRE,
exdes_i/vid_phy_controller/inst/gt_wrapper_inst/inst/gen_gtwizard_gthe4_top.exdes_vid_phy_controller_0_gtwrapper_gtwizard_gthe4_inst/gen_gtwizard_gthe4.gen_cpll_cal_gthe4.gen_cpll_cal_inst[1].gen_inst_cpll_cal.gtwizard_ultrascale_v1_7_14_gthe4_cpll_cal_inst/reset_synchronizer_resetin_rx_inst/rst_in_sync1_reg/PRE,
exdes_i/vid_phy_controller/inst/gt_wrapper_inst/inst/gen_gtwizard_gthe4_top.exdes_vid_phy_controller_0_gtwrapper_gtwizard_gthe4_inst/gen_gtwizard_gthe4.gen_cpll_cal_gthe4.gen_cpll_cal_inst[1].gen_inst_cpll_cal.gtwizard_ultrascale_v1_7_14_gthe4_cpll_cal_inst/reset_synchronizer_resetin_rx_inst/rst_in_out_reg/PRE,
exdes_i/vid_phy_controller/inst/gt_wrapper_inst/inst/gen_gtwizard_gthe4_top.exdes_vid_phy_controller_0_gtwrapper_gtwizard_gthe4_inst/gen_gtwizard_gthe4.gen_cpll_cal_gthe4.gen_cpll_cal_inst[1].gen_inst_cpll_cal.gtwizard_ultrascale_v1_7_14_gthe4_cpll_cal_inst/reset_synchronizer_resetin_rx_inst/rst_in_meta_reg/PRE,
exdes_i/vid_phy_controller/inst/gt_wrapper_inst/inst/gen_gtwizard_gthe4_top.exdes_vid_phy_controller_0_gtwrapper_gtwizard_gthe4_inst/gen_gtwizard_gthe4.gen_cpll_cal_gthe4.gen_cpll_cal_inst[0].gen_inst_cpll_cal.gtwizard_ultrascale_v1_7_14_gthe4_cpll_cal_inst/reset_synchronizer_resetin_rx_inst/rst_in_sync3_reg/PRE,
exdes_i/vid_phy_controller/inst/gt_wrapper_inst/inst/gen_gtwizard_gthe4_top.exdes_vid_phy_controller_0_gtwrapper_gtwizard_gthe4_inst/gen_gtwizard_gthe4.gen_cpll_cal_gthe4.gen_cpll_cal_inst[0].gen_inst_cpll_cal.gtwizard_ultrascale_v1_7_14_gthe4_cpll_cal_inst/reset_synchronizer_resetin_rx_inst/rst_in_sync2_reg/PRE,
exdes_i/vid_phy_controller/inst/gt_wrapper_inst/inst/gen_gtwizard_gthe4_top.exdes_vid_phy_controller_0_gtwrapper_gtwizard_gthe4_inst/gen_gtwizard_gthe4.gen_cpll_cal_gthe4.gen_cpll_cal_inst[0].gen_inst_cpll_cal.gtwizard_ultrascale_v1_7_14_gthe4_cpll_cal_inst/reset_synchronizer_resetin_rx_inst/rst_in_sync1_reg/PRE
exdes_i/vid_phy_controller/inst/gt_wrapper_inst/inst/gen_gtwizard_gthe4_top.exdes_vid_phy_controller_0_gtwrapper_gtwizard_gthe4_inst/gen_gtwizard_gthe4.gen_cpll_cal_gthe4.gen_cpll_cal_inst[0].gen_inst_cpll_cal.gtwizard_ultrascale_v1_7_14_gthe4_cpll_cal_inst/reset_synchronizer_resetin_rx_inst/rst_in_out_reg/PRE. The LUT may glitch and trigger an unexpected reset, even if it is a properly timed path.
Related violations: <none>

TIMING-9#1 Warning
Unknown CDC Logic  
One or more asynchronous Clock Domain Crossing has been detected between 2 clock domains through a set_false_path or a set_clock_groups or set_max_delay -datapath_only constraint but no double-registers logic synchronizer has been found on the side of the capture clock. It is recommended to run report_cdc for a complete and detailed CDC coverage. Please consider using XPM_CDC to avoid Critical severities
Related violations: <none>

TIMING-10#1 Warning
Missing property on synchronizer  
One or more logic synchronizer has been detected between 2 clock domains but the synchronizer does not have the property ASYNC_REG defined on one or both registers. It is recommended to run report_cdc for a complete and detailed CDC coverage
Related violations: <none>

TIMING-18#1 Warning
Missing input or output delay  
An input delay is missing on IDT_8T49N241_LOL_IN relative to clock(s) clk_pl_0
Related violations: <none>

TIMING-18#2 Warning
Missing input or output delay  
An input delay is missing on TX_DDC_OUT_scl_io relative to clock(s) clk_pl_0
Related violations: <none>

TIMING-18#3 Warning
Missing input or output delay  
An input delay is missing on TX_DDC_OUT_sda_io relative to clock(s) clk_pl_0
Related violations: <none>

TIMING-18#4 Warning
Missing input or output delay  
An input delay is missing on TX_HPD_IN relative to clock(s) clk_pl_0
Related violations: <none>

TIMING-18#5 Warning
Missing input or output delay  
An input delay is missing on fmch_iic_scl_io relative to clock(s) clk_pl_0
Related violations: <none>

TIMING-18#6 Warning
Missing input or output delay  
An input delay is missing on fmch_iic_sda_io relative to clock(s) clk_pl_0
Related violations: <none>

TIMING-18#7 Warning
Missing input or output delay  
An input delay is missing on usr_rst relative to clock(s) clk_pl_0, clk_pl_1
Related violations: <none>

TIMING-18#8 Warning
Missing input or output delay  
An output delay is missing on HDMI_TX_CLK_N_OUT relative to clock(s) clk_pl_0, tx_mgt_refclk
Related violations: <none>

TIMING-18#9 Warning
Missing input or output delay  
An output delay is missing on HDMI_TX_CLK_P_OUT relative to clock(s) clk_pl_0, tx_mgt_refclk
Related violations: <none>

TIMING-18#10 Warning
Missing input or output delay  
An output delay is missing on LED0 relative to clock(s) tx_mgt_refclk
Related violations: <none>

CLKC-11#1 Advisory
MMCME4 divide could be done by BUFG_GT  
The MMCME4 cell exdes_i/vid_phy_controller/inst/gt_usrclk_source_inst/tx_mmcm.txoutclk_mmcm0_i/mmcm_adv_inst driven by BUFG_GT cell exdes_i/vid_phy_controller/inst/gt_usrclk_source_inst/bufg_gt_gtrefclk0_odiv2_inst uses CLKOUT* output(s) with a DIVIDE value of [1..8] which could be accomplished using a BUFG_GT divide capability. Consider using BUFG_GT(s) to accomplish the desired divide(s).
Related violations: <none>

CLKC-40#1 Advisory
Substitute PLLE4 for MMCME4 check  
The MMCME4 cell exdes_i/audio_ss_0/clk_wiz/inst/CLK_CORE_DRP_I/clk_inst/mmcme4_adv_inst has a single input clock whose source driver, UNKNOWN, is not optimally located and the MMCM has a configuration which could be accommodated by a PLL.  Consider changing the MMCM to a PLL which could align better with the input clock driver.
Related violations: <none>

CLKC-40#2 Advisory
Substitute PLLE4 for MMCME4 check  
The MMCME4 cell exdes_i/vid_phy_controller/inst/gt_usrclk_source_inst/tx_mmcm.txoutclk_mmcm0_i/mmcm_adv_inst has a single input clock whose source driver, BUFG_GT exdes_i/vid_phy_controller/inst/gt_usrclk_source_inst/bufg_gt_gtrefclk0_odiv2_inst, is not optimally located and the MMCM has a configuration which could be accommodated by a PLL.  Consider changing the MMCM to a PLL which could align better with the input clock driver.
Related violations: <none>

CLKC-56#1 Advisory
MMCME4 with global clock driver has no LOC  
The MMCME4_ADV cell exdes_i/audio_ss_0/clk_wiz/inst/CLK_CORE_DRP_I/clk_inst/mmcme4_adv_inst CLKIN1 or CLKIN2 pin is driven by global Clock buffer(s) exdes_i/zynq_us_ss_0/zynq_us/inst/buffer_pl_clk_0.PL_CLK_0_BUFG and does not have a LOC constraint. It is recommended to LOC the MMCM and use the CLOCK_DEDICATED_ROUTE constraint on the net(s) driven by the global Clock buffer(s).
Related violations: <none>

CLKC-56#2 Advisory
MMCME4 with global clock driver has no LOC  
The MMCME4_ADV cell exdes_i/vid_phy_controller/inst/gt_usrclk_source_inst/tx_mmcm.txoutclk_mmcm0_i/mmcm_adv_inst CLKIN1 or CLKIN2 pin is driven by global Clock buffer(s) exdes_i/vid_phy_controller/inst/gt_usrclk_source_inst/bufg_gt_gtrefclk0_odiv2_inst and does not have a LOC constraint. It is recommended to LOC the MMCM and use the CLOCK_DEDICATED_ROUTE constraint on the net(s) driven by the global Clock buffer(s).
Related violations: <none>


