

================================================================
== Vitis HLS Report for 'AXIvideo2MultiPixStream'
================================================================
* Date:           Tue Apr  9 10:34:51 2024

* Version:        2022.2 (Build 3670227 on Oct 13 2022)
* Project:        prj
* Solution:       sol (Vivado IP Flow Target)
* Product family: zynquplus
* Target device:  xczu7ev-ffvc1156-2-e


================================================================
== Performance Estimates
================================================================
+ Timing: 
    * Summary: 
    +--------+---------+----------+------------+
    |  Clock |  Target | Estimated| Uncertainty|
    +--------+---------+----------+------------+
    |ap_clk  |  3.33 ns|  2.378 ns|     0.90 ns|
    +--------+---------+----------+------------+

+ Latency: 
    * Summary: 
    +---------+---------+----------+-----------+-----+---------+---------+
    |  Latency (cycles) |  Latency (absolute)  |    Interval   | Pipeline|
    |   min   |   max   |    min   |    max    | min |   max   |   Type  |
    +---------+---------+----------+-----------+-----+---------+---------+
    |        2|  4447446|  6.666 ns|  14.823 ms|    2|  4447446|       no|
    +---------+---------+----------+-----------+-----+---------+---------+

    + Detail: 
        * Instance: 
        N/A

        * Loop: 
        +---------------+---------+---------+----------+-----------+-----------+----------+----------+
        |               |  Latency (cycles) | Iteration|  Initiation Interval  |   Trip   |          |
        |   Loop Name   |   min   |   max   |  Latency |  achieved |   target  |   Count  | Pipelined|
        +---------------+---------+---------+----------+-----------+-----------+----------+----------+
        |- loop_height  |        0|  4447440|  7 ~ 2059|          -|          -|  0 ~ 2160|        no|
        +---------------+---------+---------+----------+-----------+-----------+----------+----------+

============================================================
+ Verbose Summary: Synthesis Manager
============================================================
InlineROM: 1
ExposeGlobal: 0
============================================================
+ Verbose Summary: CDFG Model
============================================================
IsTopModel: 0
ResetActiveHigh: 1
IsCombinational: 2
IsDatapathOnly: 0
HasWiredReturn: 1
HasMFsm: 0
HasVarLatency: 1
IsPipeline: 0
IsRtlPipelined: 0
IsInstanceOverlapped: 0
IsDontTouch: 0
HasImplIP: 0
IsGatedGlobalClock: 0


============================================================
+ Verbose Summary: Schedule
============================================================
* Number of FSM states : 10
* Pipeline : 0
* Dataflow Pipeline: 0

* FSM state transitions: 
1 --> 2 
2 --> 3 5 
3 --> 4 
4 --> 5 
5 --> 6 7 
6 --> 7 
7 --> 8 
8 --> 9 
9 --> 10 
10 --> 5 

* FSM state operations: 

State 1 <SV = 0> <Delay = 0.00>
ST_1 : Operation 11 [1/1] (0.00ns)   --->   "%axi_last_V_4_loc = alloca i64 1"   --->   Operation 11 'alloca' 'axi_last_V_4_loc' <Predicate = true> <Delay = 0.00>
ST_1 : Operation 12 [1/1] (0.00ns)   --->   "%axi_data_V_6_loc = alloca i64 1"   --->   Operation 12 'alloca' 'axi_data_V_6_loc' <Predicate = true> <Delay = 0.00>
ST_1 : Operation 13 [1/1] (0.00ns)   --->   "%eol_loc = alloca i64 1"   --->   Operation 13 'alloca' 'eol_loc' <Predicate = true> <Delay = 0.00>
ST_1 : Operation 14 [1/1] (0.00ns)   --->   "%axi_last_V_loc = alloca i64 1"   --->   Operation 14 'alloca' 'axi_last_V_loc' <Predicate = true> <Delay = 0.00>
ST_1 : Operation 15 [1/1] (0.00ns)   --->   "%height_read = read i16 @_ssdm_op_Read.ap_auto.i16P0A, i16 %height" [E:/xilinx_axi/v_dma_txss/v_hdmi_tx_ss_ex/v_hdmi_tx_ss_ex.runs/exdes_v_tpg_0_synth_1/prj/sol/.autopilot/db/v_tpg.cpp:782]   --->   Operation 15 'read' 'height_read' <Predicate = true> <Delay = 0.00>
ST_1 : Operation 16 [2/2] (0.00ns)   --->   "%rows = call i16 @reg<unsigned short>, i16 %height_read" [E:/xilinx_axi/v_dma_txss/v_hdmi_tx_ss_ex/v_hdmi_tx_ss_ex.runs/exdes_v_tpg_0_synth_1/prj/sol/.autopilot/db/v_tpg.cpp:782]   --->   Operation 16 'call' 'rows' <Predicate = true> <Delay = 0.00> <CoreType = "Generic">   --->   Core 0 '' <Latency = 0> <II = 1> <Delay = 1.00> <Generic> <Opcode : >
ST_1 : Operation 17 [1/1] (0.00ns)   --->   "%width_read = read i16 @_ssdm_op_Read.ap_auto.i16P0A, i16 %width" [E:/xilinx_axi/v_dma_txss/v_hdmi_tx_ss_ex/v_hdmi_tx_ss_ex.runs/exdes_v_tpg_0_synth_1/prj/sol/.autopilot/db/v_tpg.cpp:783]   --->   Operation 17 'read' 'width_read' <Predicate = true> <Delay = 0.00>
ST_1 : Operation 18 [2/2] (0.00ns)   --->   "%cols = call i16 @reg<unsigned short>, i16 %width_read" [E:/xilinx_axi/v_dma_txss/v_hdmi_tx_ss_ex/v_hdmi_tx_ss_ex.runs/exdes_v_tpg_0_synth_1/prj/sol/.autopilot/db/v_tpg.cpp:783]   --->   Operation 18 'call' 'cols' <Predicate = true> <Delay = 0.00> <CoreType = "Generic">   --->   Core 0 '' <Latency = 0> <II = 1> <Delay = 1.00> <Generic> <Opcode : >

State 2 <SV = 1> <Delay = 1.27>
ST_2 : Operation 19 [1/1] (0.00ns)   --->   "%specaxissidechannel_ln0 = specaxissidechannel void @_ssdm_op_SpecAXISSideChannel, i48 %s_axis_video_V_data_V, i6 %s_axis_video_V_keep_V, i6 %s_axis_video_V_strb_V, i1 %s_axis_video_V_user_V, i1 %s_axis_video_V_last_V, i1 %s_axis_video_V_id_V, i1 %s_axis_video_V_dest_V, void @empty_40"   --->   Operation 19 'specaxissidechannel' 'specaxissidechannel_ln0' <Predicate = true> <Delay = 0.00>
ST_2 : Operation 20 [1/1] (0.00ns)   --->   "%specstablecontent_ln0 = specstablecontent void @_ssdm_op_SpecStableContent, i8 %colorFormat, void "   --->   Operation 20 'specstablecontent' 'specstablecontent_ln0' <Predicate = true> <Delay = 0.00>
ST_2 : Operation 21 [1/1] (0.00ns)   --->   "%specstablecontent_ln0 = specstablecontent void @_ssdm_op_SpecStableContent, i8 %enableInput, void "   --->   Operation 21 'specstablecontent' 'specstablecontent_ln0' <Predicate = true> <Delay = 0.00>
ST_2 : Operation 22 [1/1] (0.00ns)   --->   "%specstablecontent_ln0 = specstablecontent void @_ssdm_op_SpecStableContent, i16 %height, void "   --->   Operation 22 'specstablecontent' 'specstablecontent_ln0' <Predicate = true> <Delay = 0.00>
ST_2 : Operation 23 [1/1] (0.00ns)   --->   "%specstablecontent_ln0 = specstablecontent void @_ssdm_op_SpecStableContent, i16 %width, void "   --->   Operation 23 'specstablecontent' 'specstablecontent_ln0' <Predicate = true> <Delay = 0.00>
ST_2 : Operation 24 [1/1] (0.00ns)   --->   "%specinterface_ln0 = specinterface void @_ssdm_op_SpecInterface, i48 %srcYUV, void @empty_29, i32 0, i32 0, void @empty_6, i32 0, i32 0, void @empty_6, void @empty_6, void @empty_6, i32 0, i32 0, i32 0, i32 0, void @empty_6, void @empty_6, i32 4294967295, i32 0"   --->   Operation 24 'specinterface' 'specinterface_ln0' <Predicate = true> <Delay = 0.00>
ST_2 : Operation 25 [1/1] (0.00ns)   --->   "%specinterface_ln0 = specinterface void @_ssdm_op_SpecInterface, i48 %s_axis_video_V_data_V, i6 %s_axis_video_V_keep_V, i6 %s_axis_video_V_strb_V, i1 %s_axis_video_V_user_V, i1 %s_axis_video_V_last_V, i1 %s_axis_video_V_id_V, i1 %s_axis_video_V_dest_V, void @empty_39, i32 0, i32 0, void @empty_5, i32 0, i32 0, void @empty_6, void @empty_6, void @empty_6, i32 0, i32 0, i32 0, i32 0, void @empty_6, void @empty_6, i32 4294967295, i32 0"   --->   Operation 25 'specinterface' 'specinterface_ln0' <Predicate = true> <Delay = 0.00>
ST_2 : Operation 26 [1/2] (0.00ns)   --->   "%rows = call i16 @reg<unsigned short>, i16 %height_read" [E:/xilinx_axi/v_dma_txss/v_hdmi_tx_ss_ex/v_hdmi_tx_ss_ex.runs/exdes_v_tpg_0_synth_1/prj/sol/.autopilot/db/v_tpg.cpp:782]   --->   Operation 26 'call' 'rows' <Predicate = true> <Delay = 0.00> <CoreType = "Generic">   --->   Core 0 '' <Latency = 0> <II = 1> <Delay = 1.00> <Generic> <Opcode : >
ST_2 : Operation 27 [1/1] (0.00ns)   --->   "%trunc_ln782 = trunc i16 %rows" [E:/xilinx_axi/v_dma_txss/v_hdmi_tx_ss_ex/v_hdmi_tx_ss_ex.runs/exdes_v_tpg_0_synth_1/prj/sol/.autopilot/db/v_tpg.cpp:782]   --->   Operation 27 'trunc' 'trunc_ln782' <Predicate = true> <Delay = 0.00>
ST_2 : Operation 28 [1/2] (0.00ns)   --->   "%cols = call i16 @reg<unsigned short>, i16 %width_read" [E:/xilinx_axi/v_dma_txss/v_hdmi_tx_ss_ex/v_hdmi_tx_ss_ex.runs/exdes_v_tpg_0_synth_1/prj/sol/.autopilot/db/v_tpg.cpp:783]   --->   Operation 28 'call' 'cols' <Predicate = true> <Delay = 0.00> <CoreType = "Generic">   --->   Core 0 '' <Latency = 0> <II = 1> <Delay = 1.00> <Generic> <Opcode : >
ST_2 : Operation 29 [1/1] (0.00ns)   --->   "%enableInput_read = read i8 @_ssdm_op_Read.ap_auto.i8P0A, i8 %enableInput" [E:/xilinx_axi/v_dma_txss/v_hdmi_tx_ss_ex/v_hdmi_tx_ss_ex.runs/exdes_v_tpg_0_synth_1/prj/sol/.autopilot/db/v_tpg.cpp:789]   --->   Operation 29 'read' 'enableInput_read' <Predicate = true> <Delay = 0.00>
ST_2 : Operation 30 [1/1] (0.84ns)   --->   "%icmp_ln789 = icmp_eq  i8 %enableInput_read, i8 0" [E:/xilinx_axi/v_dma_txss/v_hdmi_tx_ss_ex/v_hdmi_tx_ss_ex.runs/exdes_v_tpg_0_synth_1/prj/sol/.autopilot/db/v_tpg.cpp:789]   --->   Operation 30 'icmp' 'icmp_ln789' <Predicate = true> <Delay = 0.84> <CoreInst = "Cmp">   --->   Core 9 'Cmp' <Latency = 0> <II = 1> <Delay = 0.84> <FuncUnit> <Opcode : 'icmp'> <InPorts = 2> <OutPorts = 1>
ST_2 : Operation 31 [1/1] (0.00ns)   --->   "%br_ln789 = br i1 %icmp_ln789, void %while.cond.preheader, void %if.end74" [E:/xilinx_axi/v_dma_txss/v_hdmi_tx_ss_ex/v_hdmi_tx_ss_ex.runs/exdes_v_tpg_0_synth_1/prj/sol/.autopilot/db/v_tpg.cpp:789]   --->   Operation 31 'br' 'br_ln789' <Predicate = true> <Delay = 0.00>
ST_2 : Operation 32 [1/1] (0.00ns)   --->   "%i = alloca i32 1"   --->   Operation 32 'alloca' 'i' <Predicate = (!icmp_ln789)> <Delay = 0.00>
ST_2 : Operation 33 [1/1] (0.00ns)   --->   "%axi_data_V_5 = alloca i32 1"   --->   Operation 33 'alloca' 'axi_data_V_5' <Predicate = (!icmp_ln789)> <Delay = 0.00>
ST_2 : Operation 34 [1/1] (0.00ns)   --->   "%sof = alloca i32 1"   --->   Operation 34 'alloca' 'sof' <Predicate = (!icmp_ln789)> <Delay = 0.00>
ST_2 : Operation 35 [1/1] (0.00ns)   --->   "%empty = wait i32 @_ssdm_op_Wait"   --->   Operation 35 'wait' 'empty' <Predicate = (!icmp_ln789)> <Delay = 0.00>
ST_2 : Operation 36 [2/2] (0.42ns)   --->   "%call_ln0 = call void @AXIvideo2MultiPixStream_Pipeline_loop_wait_for_start, i48 %s_axis_video_V_data_V, i6 %s_axis_video_V_keep_V, i6 %s_axis_video_V_strb_V, i1 %s_axis_video_V_user_V, i1 %s_axis_video_V_last_V, i1 %s_axis_video_V_id_V, i1 %s_axis_video_V_dest_V, i48 %axi_data_V_5, i1 %axi_last_V_loc"   --->   Operation 36 'call' 'call_ln0' <Predicate = (!icmp_ln789)> <Delay = 0.42> <CoreType = "Generic">   --->   Core 0 '' <Latency = 0> <II = 1> <Delay = 1.00> <Generic> <Opcode : >
ST_2 : Operation 37 [1/1] (0.00ns)   --->   "%div_cast = partselect i12 @_ssdm_op_PartSelect.i12.i16.i32.i32, i16 %cols, i32 1, i32 12" [E:/xilinx_axi/v_dma_txss/v_hdmi_tx_ss_ex/v_hdmi_tx_ss_ex.runs/exdes_v_tpg_0_synth_1/prj/sol/.autopilot/db/v_tpg.cpp:783]   --->   Operation 37 'partselect' 'div_cast' <Predicate = (!icmp_ln789)> <Delay = 0.00>
ST_2 : Operation 38 [1/1] (0.42ns)   --->   "%store_ln800 = store i1 1, i1 %sof" [E:/xilinx_axi/v_dma_txss/v_hdmi_tx_ss_ex/v_hdmi_tx_ss_ex.runs/exdes_v_tpg_0_synth_1/prj/sol/.autopilot/db/v_tpg.cpp:800]   --->   Operation 38 'store' 'store_ln800' <Predicate = (!icmp_ln789)> <Delay = 0.42>
ST_2 : Operation 39 [1/1] (0.42ns)   --->   "%store_ln800 = store i12 0, i12 %i" [E:/xilinx_axi/v_dma_txss/v_hdmi_tx_ss_ex/v_hdmi_tx_ss_ex.runs/exdes_v_tpg_0_synth_1/prj/sol/.autopilot/db/v_tpg.cpp:800]   --->   Operation 39 'store' 'store_ln800' <Predicate = (!icmp_ln789)> <Delay = 0.42>

State 3 <SV = 2> <Delay = 0.00>
ST_3 : Operation 40 [1/2] (0.00ns)   --->   "%call_ln0 = call void @AXIvideo2MultiPixStream_Pipeline_loop_wait_for_start, i48 %s_axis_video_V_data_V, i6 %s_axis_video_V_keep_V, i6 %s_axis_video_V_strb_V, i1 %s_axis_video_V_user_V, i1 %s_axis_video_V_last_V, i1 %s_axis_video_V_id_V, i1 %s_axis_video_V_dest_V, i48 %axi_data_V_5, i1 %axi_last_V_loc"   --->   Operation 40 'call' 'call_ln0' <Predicate = true> <Delay = 0.00> <CoreType = "Generic">   --->   Core 0 '' <Latency = 0> <II = 1> <Delay = 1.00> <Generic> <Opcode : >

State 4 <SV = 3> <Delay = 0.97>
ST_4 : Operation 41 [1/1] (0.00ns)   --->   "%axi_last_V_loc_load = load i1 %axi_last_V_loc"   --->   Operation 41 'load' 'axi_last_V_loc_load' <Predicate = true> <Delay = 0.00>
ST_4 : Operation 42 [1/1] (0.00ns)   --->   "%empty_146 = wait i32 @_ssdm_op_Wait"   --->   Operation 42 'wait' 'empty_146' <Predicate = true> <Delay = 0.00>
ST_4 : Operation 43 [1/1] (0.00ns)   --->   "%colorFormat_read = read i8 @_ssdm_op_Read.ap_auto.i8P0A, i8 %colorFormat"   --->   Operation 43 'read' 'colorFormat_read' <Predicate = true> <Delay = 0.00>
ST_4 : Operation 44 [1/1] (0.97ns)   --->   "%cmp11455 = icmp_eq  i12 %div_cast, i12 0" [E:/xilinx_axi/v_dma_txss/v_hdmi_tx_ss_ex/v_hdmi_tx_ss_ex.runs/exdes_v_tpg_0_synth_1/prj/sol/.autopilot/db/v_tpg.cpp:783]   --->   Operation 44 'icmp' 'cmp11455' <Predicate = true> <Delay = 0.97> <CoreInst = "Cmp">   --->   Core 9 'Cmp' <Latency = 0> <II = 1> <Delay = 0.97> <FuncUnit> <Opcode : 'icmp'> <InPorts = 2> <OutPorts = 1>
ST_4 : Operation 45 [1/1] (0.84ns)   --->   "%cond = icmp_eq  i8 %colorFormat_read, i8 0"   --->   Operation 45 'icmp' 'cond' <Predicate = true> <Delay = 0.84> <CoreInst = "Cmp">   --->   Core 9 'Cmp' <Latency = 0> <II = 1> <Delay = 0.84> <FuncUnit> <Opcode : 'icmp'> <InPorts = 2> <OutPorts = 1>
ST_4 : Operation 46 [1/1] (0.84ns)   --->   "%icmp_ln835 = icmp_eq  i8 %colorFormat_read, i8 1" [E:/xilinx_axi/v_dma_txss/v_hdmi_tx_ss_ex/v_hdmi_tx_ss_ex.runs/exdes_v_tpg_0_synth_1/prj/sol/.autopilot/db/v_tpg.cpp:835]   --->   Operation 46 'icmp' 'icmp_ln835' <Predicate = true> <Delay = 0.84> <CoreInst = "Cmp">   --->   Core 9 'Cmp' <Latency = 0> <II = 1> <Delay = 0.84> <FuncUnit> <Opcode : 'icmp'> <InPorts = 2> <OutPorts = 1>
ST_4 : Operation 47 [1/1] (0.42ns)   --->   "%br_ln800 = br void %loop_width" [E:/xilinx_axi/v_dma_txss/v_hdmi_tx_ss_ex/v_hdmi_tx_ss_ex.runs/exdes_v_tpg_0_synth_1/prj/sol/.autopilot/db/v_tpg.cpp:800]   --->   Operation 47 'br' 'br_ln800' <Predicate = true> <Delay = 0.42>

State 5 <SV = 4> <Delay = 2.37>
ST_5 : Operation 48 [1/1] (0.00ns)   --->   "%axi_last_V_2 = phi i1 %axi_last_V_loc_load, void %while.cond.preheader, i1 %axi_last_V_4_loc_load, void %loop_wait_for_eol"   --->   Operation 48 'phi' 'axi_last_V_2' <Predicate = (!icmp_ln789)> <Delay = 0.00>
ST_5 : Operation 49 [1/1] (0.00ns)   --->   "%i_3 = load i12 %i" [E:/xilinx_axi/v_dma_txss/v_hdmi_tx_ss_ex/v_hdmi_tx_ss_ex.runs/exdes_v_tpg_0_synth_1/prj/sol/.autopilot/db/v_tpg.cpp:800]   --->   Operation 49 'load' 'i_3' <Predicate = (!icmp_ln789)> <Delay = 0.00>
ST_5 : Operation 50 [1/1] (0.00ns)   --->   "%axi_data_V = load i48 %axi_data_V_5"   --->   Operation 50 'load' 'axi_data_V' <Predicate = (!icmp_ln789)> <Delay = 0.00>
ST_5 : Operation 51 [1/1] (0.97ns)   --->   "%icmp_ln800 = icmp_eq  i12 %i_3, i12 %trunc_ln782" [E:/xilinx_axi/v_dma_txss/v_hdmi_tx_ss_ex/v_hdmi_tx_ss_ex.runs/exdes_v_tpg_0_synth_1/prj/sol/.autopilot/db/v_tpg.cpp:800]   --->   Operation 51 'icmp' 'icmp_ln800' <Predicate = (!icmp_ln789)> <Delay = 0.97> <CoreInst = "Cmp">   --->   Core 9 'Cmp' <Latency = 0> <II = 1> <Delay = 0.97> <FuncUnit> <Opcode : 'icmp'> <InPorts = 2> <OutPorts = 1>
ST_5 : Operation 52 [1/1] (0.00ns)   --->   "%speclooptripcount_ln0 = speclooptripcount void @_ssdm_op_SpecLoopTripCount, i64 0, i64 2160, i64 0"   --->   Operation 52 'speclooptripcount' 'speclooptripcount_ln0' <Predicate = (!icmp_ln789)> <Delay = 0.00>
ST_5 : Operation 53 [1/1] (0.80ns)   --->   "%i_4 = add i12 %i_3, i12 1" [E:/xilinx_axi/v_dma_txss/v_hdmi_tx_ss_ex/v_hdmi_tx_ss_ex.runs/exdes_v_tpg_0_synth_1/prj/sol/.autopilot/db/v_tpg.cpp:800]   --->   Operation 53 'add' 'i_4' <Predicate = (!icmp_ln789)> <Delay = 0.80> <CoreInst = "Adder">   --->   Core 1 'Adder' <Latency = 0> <II = 1> <Delay = 0.80> <FuncUnit> <Opcode : 'add' 'sub'> <InPorts = 2> <OutPorts = 1>
ST_5 : Operation 54 [1/1] (0.00ns)   --->   "%br_ln800 = br i1 %icmp_ln800, void %loop_width.split, void %if.end74.loopexit" [E:/xilinx_axi/v_dma_txss/v_hdmi_tx_ss_ex/v_hdmi_tx_ss_ex.runs/exdes_v_tpg_0_synth_1/prj/sol/.autopilot/db/v_tpg.cpp:800]   --->   Operation 54 'br' 'br_ln800' <Predicate = (!icmp_ln789)> <Delay = 0.00>
ST_5 : Operation 55 [1/1] (0.00ns)   --->   "%specloopname_ln780 = specloopname void @_ssdm_op_SpecLoopName, void @empty_33" [E:/xilinx_axi/v_dma_txss/v_hdmi_tx_ss_ex/v_hdmi_tx_ss_ex.runs/exdes_v_tpg_0_synth_1/prj/sol/.autopilot/db/v_tpg.cpp:780]   --->   Operation 55 'specloopname' 'specloopname_ln780' <Predicate = (!icmp_ln789 & !icmp_ln800)> <Delay = 0.00>
ST_5 : Operation 56 [1/1] (0.42ns)   --->   "%br_ln805 = br i1 %cmp11455, void %for.body13.preheader, void %loop_wait_for_eol" [E:/xilinx_axi/v_dma_txss/v_hdmi_tx_ss_ex/v_hdmi_tx_ss_ex.runs/exdes_v_tpg_0_synth_1/prj/sol/.autopilot/db/v_tpg.cpp:805]   --->   Operation 56 'br' 'br_ln805' <Predicate = (!icmp_ln789 & !icmp_ln800)> <Delay = 0.42>
ST_5 : Operation 57 [1/1] (0.00ns)   --->   "%sof_load = load i1 %sof"   --->   Operation 57 'load' 'sof_load' <Predicate = (!icmp_ln789 & !icmp_ln800 & !cmp11455)> <Delay = 0.00>
ST_5 : Operation 58 [1/1] (0.00ns)   --->   "%empty_147 = wait i32 @_ssdm_op_Wait"   --->   Operation 58 'wait' 'empty_147' <Predicate = (!icmp_ln789 & !icmp_ln800 & !cmp11455)> <Delay = 0.00>
ST_5 : Operation 59 [2/2] (1.40ns)   --->   "%call_ln783 = call void @AXIvideo2MultiPixStream_Pipeline_loop_width, i1 %sof_load, i1 %axi_last_V_2, i48 %axi_data_V, i12 %div_cast, i1 %cond, i8 %colorFormat_read, i1 %icmp_ln835, i48 %srcYUV, i48 %s_axis_video_V_data_V, i6 %s_axis_video_V_keep_V, i6 %s_axis_video_V_strb_V, i1 %s_axis_video_V_user_V, i1 %s_axis_video_V_last_V, i1 %s_axis_video_V_id_V, i1 %s_axis_video_V_dest_V, i1 %eol_loc, i48 %axi_data_V_6_loc" [E:/xilinx_axi/v_dma_txss/v_hdmi_tx_ss_ex/v_hdmi_tx_ss_ex.runs/exdes_v_tpg_0_synth_1/prj/sol/.autopilot/db/v_tpg.cpp:783]   --->   Operation 59 'call' 'call_ln783' <Predicate = (!icmp_ln789 & !icmp_ln800 & !cmp11455)> <Delay = 1.40> <CoreType = "Generic">   --->   Core 0 '' <Latency = 0> <II = 1> <Delay = 1.00> <Generic> <Opcode : >
ST_5 : Operation 60 [1/1] (0.00ns)   --->   "%br_ln0 = br void %if.end74"   --->   Operation 60 'br' 'br_ln0' <Predicate = (!icmp_ln789 & icmp_ln800)> <Delay = 0.00>
ST_5 : Operation 61 [1/1] (0.00ns)   --->   "%ret_ln0 = ret"   --->   Operation 61 'ret' 'ret_ln0' <Predicate = (icmp_ln800) | (icmp_ln789)> <Delay = 0.00>

State 6 <SV = 5> <Delay = 0.00>
ST_6 : Operation 62 [1/2] (0.00ns)   --->   "%call_ln783 = call void @AXIvideo2MultiPixStream_Pipeline_loop_width, i1 %sof_load, i1 %axi_last_V_2, i48 %axi_data_V, i12 %div_cast, i1 %cond, i8 %colorFormat_read, i1 %icmp_ln835, i48 %srcYUV, i48 %s_axis_video_V_data_V, i6 %s_axis_video_V_keep_V, i6 %s_axis_video_V_strb_V, i1 %s_axis_video_V_user_V, i1 %s_axis_video_V_last_V, i1 %s_axis_video_V_id_V, i1 %s_axis_video_V_dest_V, i1 %eol_loc, i48 %axi_data_V_6_loc" [E:/xilinx_axi/v_dma_txss/v_hdmi_tx_ss_ex/v_hdmi_tx_ss_ex.runs/exdes_v_tpg_0_synth_1/prj/sol/.autopilot/db/v_tpg.cpp:783]   --->   Operation 62 'call' 'call_ln783' <Predicate = true> <Delay = 0.00> <CoreType = "Generic">   --->   Core 0 '' <Latency = 0> <II = 1> <Delay = 1.00> <Generic> <Opcode : >

State 7 <SV = 6> <Delay = 0.42>
ST_7 : Operation 63 [1/1] (0.00ns)   --->   "%eol_loc_load = load i1 %eol_loc"   --->   Operation 63 'load' 'eol_loc_load' <Predicate = (!cmp11455)> <Delay = 0.00>
ST_7 : Operation 64 [1/1] (0.00ns)   --->   "%axi_data_V_6_loc_load = load i48 %axi_data_V_6_loc"   --->   Operation 64 'load' 'axi_data_V_6_loc_load' <Predicate = (!cmp11455)> <Delay = 0.00>
ST_7 : Operation 65 [1/1] (0.00ns)   --->   "%empty_148 = wait i32 @_ssdm_op_Wait"   --->   Operation 65 'wait' 'empty_148' <Predicate = (!cmp11455)> <Delay = 0.00>
ST_7 : Operation 66 [1/1] (0.42ns)   --->   "%store_ln0 = store i1 0, i1 %sof"   --->   Operation 66 'store' 'store_ln0' <Predicate = (!cmp11455)> <Delay = 0.42>
ST_7 : Operation 67 [1/1] (0.42ns)   --->   "%br_ln0 = br void %loop_wait_for_eol"   --->   Operation 67 'br' 'br_ln0' <Predicate = (!cmp11455)> <Delay = 0.42>
ST_7 : Operation 68 [1/1] (0.42ns)   --->   "%store_ln800 = store i12 %i_4, i12 %i" [E:/xilinx_axi/v_dma_txss/v_hdmi_tx_ss_ex/v_hdmi_tx_ss_ex.runs/exdes_v_tpg_0_synth_1/prj/sol/.autopilot/db/v_tpg.cpp:800]   --->   Operation 68 'store' 'store_ln800' <Predicate = true> <Delay = 0.42>

State 8 <SV = 7> <Delay = 0.85>
ST_8 : Operation 69 [1/1] (0.00ns)   --->   "%axi_data_2_lcssa = phi i48 %axi_data_V_6_loc_load, void %for.body13.preheader, i48 %axi_data_V, void %loop_width.split"   --->   Operation 69 'phi' 'axi_data_2_lcssa' <Predicate = true> <Delay = 0.00>
ST_8 : Operation 70 [1/1] (0.00ns)   --->   "%axi_last_2_lcssa = phi i1 %eol_loc_load, void %for.body13.preheader, i1 %axi_last_V_2, void %loop_width.split"   --->   Operation 70 'phi' 'axi_last_2_lcssa' <Predicate = true> <Delay = 0.00>
ST_8 : Operation 71 [1/1] (0.00ns)   --->   "%eol_0_lcssa = phi i1 %eol_loc_load, void %for.body13.preheader, i1 0, void %loop_width.split"   --->   Operation 71 'phi' 'eol_0_lcssa' <Predicate = true> <Delay = 0.00>
ST_8 : Operation 72 [1/1] (0.00ns)   --->   "%empty_149 = wait i32 @_ssdm_op_Wait"   --->   Operation 72 'wait' 'empty_149' <Predicate = true> <Delay = 0.00>
ST_8 : Operation 73 [2/2] (0.85ns)   --->   "%call_ln0 = call void @AXIvideo2MultiPixStream_Pipeline_loop_wait_for_eol, i48 %axi_data_2_lcssa, i1 %axi_last_2_lcssa, i1 %eol_0_lcssa, i48 %s_axis_video_V_data_V, i6 %s_axis_video_V_keep_V, i6 %s_axis_video_V_strb_V, i1 %s_axis_video_V_user_V, i1 %s_axis_video_V_last_V, i1 %s_axis_video_V_id_V, i1 %s_axis_video_V_dest_V, i48 %axi_data_V_5, i1 %axi_last_V_4_loc"   --->   Operation 73 'call' 'call_ln0' <Predicate = true> <Delay = 0.85> <CoreType = "Generic">   --->   Core 0 '' <Latency = 0> <II = 1> <Delay = 1.00> <Generic> <Opcode : >

State 9 <SV = 8> <Delay = 0.42>
ST_9 : Operation 74 [1/2] (0.42ns)   --->   "%call_ln0 = call void @AXIvideo2MultiPixStream_Pipeline_loop_wait_for_eol, i48 %axi_data_2_lcssa, i1 %axi_last_2_lcssa, i1 %eol_0_lcssa, i48 %s_axis_video_V_data_V, i6 %s_axis_video_V_keep_V, i6 %s_axis_video_V_strb_V, i1 %s_axis_video_V_user_V, i1 %s_axis_video_V_last_V, i1 %s_axis_video_V_id_V, i1 %s_axis_video_V_dest_V, i48 %axi_data_V_5, i1 %axi_last_V_4_loc"   --->   Operation 74 'call' 'call_ln0' <Predicate = true> <Delay = 0.42> <CoreType = "Generic">   --->   Core 0 '' <Latency = 0> <II = 1> <Delay = 1.00> <Generic> <Opcode : >

State 10 <SV = 9> <Delay = 0.00>
ST_10 : Operation 75 [1/1] (0.00ns)   --->   "%axi_last_V_4_loc_load = load i1 %axi_last_V_4_loc"   --->   Operation 75 'load' 'axi_last_V_4_loc_load' <Predicate = true> <Delay = 0.00>
ST_10 : Operation 76 [1/1] (0.00ns)   --->   "%br_ln800 = br void %loop_width" [E:/xilinx_axi/v_dma_txss/v_hdmi_tx_ss_ex/v_hdmi_tx_ss_ex.runs/exdes_v_tpg_0_synth_1/prj/sol/.autopilot/db/v_tpg.cpp:800]   --->   Operation 76 'br' 'br_ln800' <Predicate = true> <Delay = 0.00>


============================================================
+ Verbose Summary: Timing violations
============================================================
Target clock period: 3.33ns, clock uncertainty: 0.9ns.

 <State 1>: 0ns
The critical path consists of the following:

 <State 2>: 1.28ns
The critical path consists of the following:
	wire read operation ('enableInput_read', E:/xilinx_axi/v_dma_txss/v_hdmi_tx_ss_ex/v_hdmi_tx_ss_ex.runs/exdes_v_tpg_0_synth_1/prj/sol/.autopilot/db/v_tpg.cpp:789) on port 'enableInput' (E:/xilinx_axi/v_dma_txss/v_hdmi_tx_ss_ex/v_hdmi_tx_ss_ex.runs/exdes_v_tpg_0_synth_1/prj/sol/.autopilot/db/v_tpg.cpp:789) [29]  (0 ns)
	'icmp' operation ('icmp_ln789', E:/xilinx_axi/v_dma_txss/v_hdmi_tx_ss_ex/v_hdmi_tx_ss_ex.runs/exdes_v_tpg_0_synth_1/prj/sol/.autopilot/db/v_tpg.cpp:789) [30]  (0.849 ns)
	blocking operation 0.427 ns on control path)

 <State 3>: 0ns
The critical path consists of the following:

 <State 4>: 0.976ns
The critical path consists of the following:
	'icmp' operation ('cmp11455', E:/xilinx_axi/v_dma_txss/v_hdmi_tx_ss_ex/v_hdmi_tx_ss_ex.runs/exdes_v_tpg_0_synth_1/prj/sol/.autopilot/db/v_tpg.cpp:783) [42]  (0.976 ns)

 <State 5>: 2.38ns
The critical path consists of the following:
	'phi' operation ('axi.last.V') with incoming values : ('axi_last_V_loc_load') ('axi_last_V_4_loc_load') [49]  (0 ns)
	'call' operation ('call_ln783', E:/xilinx_axi/v_dma_txss/v_hdmi_tx_ss_ex/v_hdmi_tx_ss_ex.runs/exdes_v_tpg_0_synth_1/prj/sol/.autopilot/db/v_tpg.cpp:783) to 'AXIvideo2MultiPixStream_Pipeline_loop_width' [62]  (1.4 ns)
	blocking operation 0.976 ns on control path)

 <State 6>: 0ns
The critical path consists of the following:

 <State 7>: 0.427ns
The critical path consists of the following:
	'store' operation ('store_ln0') of constant 0 on local variable 'sof' [66]  (0.427 ns)

 <State 8>: 0.854ns
The critical path consists of the following:
	'phi' operation ('axi.data.V') with incoming values : ('axi.data.V') ('axi_data_V_6_loc_load') [69]  (0 ns)
	'call' operation ('call_ln0') to 'AXIvideo2MultiPixStream_Pipeline_loop_wait_for_eol' [73]  (0.854 ns)

 <State 9>: 0.427ns
The critical path consists of the following:
	'call' operation ('call_ln0') to 'AXIvideo2MultiPixStream_Pipeline_loop_wait_for_eol' [73]  (0.427 ns)

 <State 10>: 0ns
The critical path consists of the following:


============================================================
+ Verbose Summary: Binding
============================================================
N/A
* FSMD analyzer results:
  - Output states:
 - Input state : 
  - Chain level:
	State 1
	State 2
	State 3
	State 4
	State 5
	State 6
	State 7
	State 8
	State 9
	State 10


============================================================
+ Verbose Summary: Datapath Resource usage 
============================================================
N/A
